[reconnresearch.com/index.html]
[backblue.gif]
[fade.gif]
[index.html]
[reconnresearch.com/feed/index.html]
[reconnresearch.com/wp-includes/js/jquery/jquery4a5f.js]
[reconnresearch.com/wp-content/plugins/easy-video-player/lib/flowplayer.min7661.js]
[reconnresearch.com/wp-content/plugins/html5-video-player/js/plyr11a8.js]
[reconnresearch.com/wp-content/plugins/revslider/public/assets/js/revolution.tools.minf049.js]
[reconnresearch.com/wp-content/plugins/revslider/public/assets/js/rs6.minb5e1.js]
[reconnresearch.com/wp-json/index.html]
[reconnresearch.com/wp-json/oembed/1.0/embed2bea.json]
[reconnresearch.com/wp-json/oembed/1.0/embed3e9c]
[reconnresearch.com/wp-content/uploads/2020/01/web-logo-150x150.png]
[reconnresearch.com/wp-content/uploads/2020/01/web-logo.png]
[reconnresearch.com/wp-content/themes/Impreza/fonts/fa-solid-900.woff2]
[reconnresearch.com/wp-content/themes/Impreza/fonts/fa-solid-900.woff]
[reconnresearch.com/wp-content/themes/Impreza/fonts/fa-regular-400.woff2]
[reconnresearch.com/wp-content/themes/Impreza/fonts/fa-regular-400.woff]
[reconnresearch.com/wp-content/themes/Impreza/fonts/fa-light-300.woff2]
[reconnresearch.com/wp-content/themes/Impreza/fonts/fa-light-300.woff]
[reconnresearch.com/wp-content/themes/Impreza/fonts/fa-duotone-900.woff2]
[reconnresearch.com/wp-content/themes/Impreza/fonts/fa-duotone-900.woff]
[reconnresearch.com/wp-content/themes/Impreza/fonts/fa-brands-400.woff2]
[reconnresearch.com/wp-content/themes/Impreza/fonts/fa-brands-400.woff]
[reconnresearch.com/wp-content/themes/Impreza/fonts/material-icons.woff2]
[reconnresearch.com/wp-content/themes/Impreza/fonts/material-icons.woff]
[reconnresearch.com/wp-content/themes/Impreza/img/phone-6-black-real.png]
[reconnresearch.com/wp-content/uploads/2020/02/Logo.png]
[reconnresearch.com/wp-content/uploads/2020/02/Ambassador-Alina-L.png]
[reconnresearch.com/wp-content/uploads/2020/02/sillman.png]
[reconnresearch.com/what-we-do/index.html]
[reconnresearch.com/wp-content/uploads/2020/02/Ambassador-Deborah-K.-Jones-ret-1.png]
[reconnresearch.com/executive-board/index.html]
[reconnresearch.com/washington-dc-advisory/index.html]
[reconnresearch.com/kuwait-advisory-board/index.html]
[reconnresearch.com/wp-content/uploads/2020/02/Dr.-John-Duke-Anthony-1.png]
[reconnresearch.com/events/forums/index.html]
[reconnresearch.com/events/workshops/index.html]
[reconnresearch.com/wp-content/uploads/2020/02/Yousef-Al-Ghusain-1.png]
[reconnresearch.com/publications/articles/index.html]
[reconnresearch.com/wp-content/uploads/2020/02/Abdulaziz-M.png]
[reconnresearch.com/publications/reports/index.html]
[reconnresearch.com/media-coverage/index.html]
[reconnresearch.com/wp-content/themes/Impreza/js/us.core.minbf7d.js]
[reconnresearch.com/wp-includes/js/wp-embed.min7661.js]
[reconnresearch.com/index.html]
[reconnaissanceresearch.com/wp-content/uploads/2020/02/Ambassador-Alina-L.html]
[reconnresearch.com/wp-includes/css/dist/block-library/style.min7661.css]
[reconnresearch.com/wp-content/plugins/easy-video-player/lib/skin/icons/flowplayerd41d.eot]
[reconnresearch.com/wp-content/plugins/easy-video-player/lib/skin/icons/flowplayer.woff2]
[reconnresearch.com/wp-content/plugins/easy-video-player/lib/skin/icons/flowplayer.woff]
[reconnresearch.com/wp-content/plugins/easy-video-player/lib/skin/skin7661.css]
[reconnresearch.com/wp-content/plugins/html5-video-player/css/player-style7661.css]
[reconnresearch.com/wp-content/plugins/revslider/public/assets/fonts/revicons/revicons90c6.eot]
[reconnresearch.com/wp-content/plugins/revslider/public/assets/fonts/revicons/revicons90c6.woff]
[reconnresearch.com/wp-content/plugins/revslider/public/assets/fonts/revicons/revicons90c6.ttf]
[reconnresearch.com/wp-content/plugins/revslider/public/assets/assets/gridtile.png]
[reconnresearch.com/wp-content/plugins/revslider/public/assets/assets/gridtile_white.png]
[reconnresearch.com/wp-content/plugins/revslider/public/assets/assets/gridtile_3x3.png]
[reconnresearch.com/wp-content/plugins/revslider/public/assets/assets/gridtile_3x3_white.png]
[reconnresearch.com/wp-content/plugins/revslider/public/assets/assets/coloredbg.png]
[reconnresearch.com/wp-content/plugins/revslider/public/assets/assets/loader.gif]
[reconnresearch.com/wp-content/plugins/revslider/public/assets/css/rs6b5e1.css]
[reconnresearch.com/wp-content/themes/Impreza/css/style.minbf7d.css]
[reconnresearch.com/wp-content/themes/Impreza/common/css/responsive.minbf7d.css]
[reconnresearch.com/wp-content/themes/Impreza-child/stylebf7d.css]
[reconnresearch.com/wp-includes/wlwmanifest.xml]
[reconnresearch.com/wp-content/uploads/2020/01/Gulf-map-gray.png]
[reconnresearch.com/wp-json/oembed/1.0/embedbbe5]
[reconnresearch.com/wp-content/uploads/2020/01/Kuwait.jpg]
[reconnresearch.com/wp-content/uploads/2020/01/images-1.jpg]
[reconnresearch.com/wp-content/uploads/2020/01/main-bg.png]
[reconnresearch.com/wp-content/uploads/2020/01/inner_banner1.jpg]
[reconnresearch.com/what-we-do/index.html]
[reconnresearch.com/wp-json/oembed/1.0/embed25ce.json]
[reconnresearch.com/wp-json/oembed/1.0/embed0afa]
[reconnresearch.com/executive-board/index.html]
[reconnresearch.com/wp-json/oembed/1.0/embedf8e0.json]
[reconnresearch.com/wp-json/oembed/1.0/embed7757]
[reconnresearch.com/washington-dc-advisory/index.html]
[reconnresearch.com/wp-json/oembed/1.0/embedc6fd.json]
[reconnresearch.com/wp-json/oembed/1.0/embed47db]
[reconnresearch.com/kuwait-advisory-board/index.html]
[reconnresearch.com/wp-json/oembed/1.0/embed5fcf.json]
[reconnresearch.com/wp-json/oembed/1.0/embedf3f8]
[reconnresearch.com/events/forums/index.html]
[reconnresearch.com/events/index.html]
[reconnresearch.com/coronavirus-and-the-gulf-economies/index.html]
[reconnresearch.com/kuwait-2020-and-beyond-challenges-and-opportunities/index.html]
[reconnresearch.com/wp-json/oembed/1.0/embed1f59.json]
[reconnresearch.com/intellectual-property-rights-for-kuwaiti-artists/index.html]
[reconnresearch.com/china-and-gulf-the-u-s-view/index.html]
[reconnresearch.com/the-american-role-in-kuwaiti-iraqi-relations/index.html]
[reconnresearch.com/wp-json/oembed/1.0/embedfba7]
[reconnresearch.com/events/workshops/index.html]
[reconnresearch.com/wp-json/oembed/1.0/embed7887.json]
[reconnresearch.com/the-role-of-france-in-safeguarding-stability-in-the-middle-east-region/index.html]
[reconnresearch.com/soft-power-in-kuwait/index.html]
[reconnresearch.com/wp-json/oembed/1.0/embed0a19]
[reconnresearch.com/publications/articles/index.html]
[reconnresearch.com/wp-json/oembed/1.0/embed658a.json]
[reconnresearch.com/iran-efficient-or-enfeebled/index.html]
[reconnresearch.com/publications/index.html]
[reconnresearch.com/wp-json/oembed/1.0/embed4f4d]
[reconnresearch.com/publications/reports/index.html]
[reconnresearch.com/british-market-analysts-the-gcc-investment-climate-is-as-precarious-as-ever/index.html]
[reconnresearch.com/wp-json/oembed/1.0/embed58f8.json]
[reconnresearch.com/the-political-implications-of-the-coronavirus-pandemic-in-the-middle-east-experts-weigh-in/index.html]
[reconnresearch.com/wp-json/oembed/1.0/embed1f21]
[reconnresearch.com/media-coverage/index.html]
[reconnresearch.com/coronavirus-and-the-gulf-economies-2/index.html]
[reconnresearch.com/intellectual-property-rights-for-kuwaiti-artists-2/index.html]
[reconnresearch.com/the-political-implications-of-the-coronavirus-pandemic-in-the-middle-east-experts-weigh-in-2/index.html]
[reconnresearch.com/kuwait-2020-and-beyond-challenges-and-opportunities-2/index.html]
[reconnresearch.com/wp-content/themes/Impreza/index.html]
[reconnresearch.com/wp-content/plugins/revslider/public/assets/fonts/revicons/revicons90c6.svg]
[reconnresearch.com/wp-content/plugins/revslider/public/assets/css/openhand.html]
[reconnresearch.com/wp-content/plugins/revslider/public/assets/css/closedhand.html]
[reconnresearch.com/index0721.html]
[reconnresearch.com/wp-content/uploads/2020/01/7.jpg]
[reconnresearch.com/the-american-role-in-kuwaiti-iraqi-relations-2/index.html]
[reconnresearch.com/china-and-the-gulf-the-u-s-view/index.html]
[reconnresearch.com/indexc7ce.html]
[reconnresearch.com/index88c3.html]
[reconnaissanceresearch.com/wp-content/uploads/2020/01/Gulf-map-gray.html]
[reconnresearch.com/index1557.html]
[reconnresearch.com/indexe982.html]
[reconnresearch.com/wp-json/oembed/1.0/embed1921]
[reconnresearch.com/wp-json/oembed/1.0/embed8464.json]
[reconnresearch.com/wp-json/oembed/1.0/embed990f]
[reconnresearch.com/events/index.html]
[reconnresearch.com/wp-content/uploads/2020/04/corona.jpg]
[reconnresearch.com/category/events/forum/index.html]
[reconnresearch.com/category/events/index.html]
[reconnresearch.com/category/events/workshops/index.html]
[reconnresearch.com/wp-json/oembed/1.0/embedfe74.json]
[reconnresearch.com/wp-json/oembed/1.0/embedac45]
[reconnresearch.com/coronavirus-and-the-gulf-economies/index.html]
[reconnresearch.com/wp-content/uploads/2020/02/Intellectual-Property-Rights-for-Kuwaiti-Artists.png]
[reconnresearch.com/wp-json/oembed/1.0/embed67c3.json]
[reconnresearch.com/wp-json/oembed/1.0/embedcc99]
[reconnresearch.com/wp-content/uploads/2020/02/جانب-من-لوحات-المعرض-1024x535.jpg]
[reconnresearch.com/wp-content/uploads/2020/02/السفيرة-الأمريكية-تتوسط-الفنانين-أعضاء-معرض-دن-1024x506.jpg]
[reconnresearch.com/wp-content/uploads/2020/02/أعضاء-مركز-ريكونسنس-علي-الزلزلة-عبدالعزيز-العنجري-يوسف-القطامي-يوسف-الغصين-1024x616.jpg]
[reconnresearch.com/wp-content/uploads/2020/02/بيتر-مهرافاري-عدنان-البحر-عبدالعزيز-العنجري-محمد-النقي-1024x699.jpg]
[reconnresearch.com/intellectual-property-rights-for-kuwaiti-artists/index.html]
[reconnresearch.com/wp-content/uploads/2019/12/Kuwait-2020-and-Beyond-Challenges-and-Opportunities.png]
[reconnresearch.com/wp-json/oembed/1.0/embedf0e1.json]
[reconnresearch.com/wp-json/oembed/1.0/embedba0f]
[reconnresearch.com/wp-content/uploads/2019/12/ELR3MC7WwAIze4o-1024x768.jpg]
[reconnresearch.com/wp-content/uploads/2019/12/ELR3MC1WwAkaabz-1024x678.jpg]
[reconnresearch.com/wp-content/uploads/2019/12/ELR3MC4X0AAGRNL.jpg]
[reconnresearch.com/kuwait-2020-and-beyond-challenges-and-opportunities/index.html]
[reconnresearch.com/wp-content/uploads/2019/10/China-and-the-Gulf-The-U.S.-View.png]
[reconnresearch.com/wp-json/oembed/1.0/embed091a.json]
[reconnresearch.com/wp-json/oembed/1.0/embed3ad2]
[reconnresearch.com/wp-content/uploads/2019/10/EHZMzLrWsAIvg3F.jpg]
[reconnresearch.com/wp-content/uploads/2019/10/EHZMzLxWkAAh3cp.jpg]
[reconnresearch.com/wp-content/uploads/2019/10/EHZM2FLXkAA4PaX.jpg]
[reconnresearch.com/china-and-gulf-the-u-s-view/index.html]
[reconnresearch.com/wp-content/uploads/2019/09/The-American-role-in-Kuwaiti-Iraqi-Relations.png]
[reconnresearch.com/wp-json/oembed/1.0/embede16c.json]
[reconnresearch.com/wp-json/oembed/1.0/embed8ebc]
[reconnresearch.com/wp-content/uploads/2019/09/EE3TIBQWkAAxyYk.jpg]
[reconnresearch.com/wp-content/uploads/2019/09/EE3TIBQW4AAnwJZ.jpg]
[reconnresearch.com/wp-content/uploads/2019/09/EE3TIBQXUAAnylp.jpg]
[reconnresearch.com/the-american-role-in-kuwaiti-iraqi-relations/index.html]
[reconnresearch.com/index6c6e.html]
[reconnresearch.com/wp-content/uploads/2020/01/Soft-Power-in-Kuwait.png]
[reconnresearch.com/wp-json/oembed/1.0/embed7a38.json]
[reconnresearch.com/wp-json/oembed/1.0/embed48e4]
[reconnresearch.com/soft-power-in-kuwait/index.html]
[reconnresearch.com/wp-content/uploads/2019/09/The-Role-of-France-in-Safeguarding-Stability-in-the-Middle-East-Region..png]
[reconnresearch.com/wp-json/oembed/1.0/embed8f9d.json]
[reconnresearch.com/wp-json/oembed/1.0/embed81ec]
[reconnresearch.com/the-role-of-france-in-safeguarding-stability-in-the-middle-east-region/index.html]
[reconnresearch.com/indexc61a.html]
[reconnresearch.com/wp-json/oembed/1.0/embed7ede.json]
[reconnresearch.com/wp-json/oembed/1.0/embedb6e2]
[reconnresearch.com/publications/index.html]
[reconnresearch.com/wp-content/uploads/2020/05/WhatsApp-Image-2020-05-19-at-4.00.42-PM.jpg]
[reconnresearch.com/wp-json/oembed/1.0/embedae44.json]
[reconnresearch.com/wp-json/oembed/1.0/embed1f4d]
[reconnresearch.com/iran-efficient-or-enfeebled/index.html]
[reconnresearch.com/index4aec.html]
[reconnresearch.com/category/publications/index.html]
[reconnresearch.com/category/publications/articles/index.html]
[reconnresearch.com/wp-content/uploads/2020/06/WhatsApp-Image-2020-06-17-at-7.19.42-PM-1024x731.jpg]
[reconnresearch.com/wp-json/oembed/1.0/embedf29a.json]
[reconnresearch.com/wp-json/oembed/1.0/embed6d59]
[reconnresearch.com/british-market-analysts-the-gcc-investment-climate-is-as-precarious-as-ever/index.html]
[reconnresearch.com/wp-json/oembed/1.0/embed0734.json]
[reconnresearch.com/category/publications/reports/index.html]
[reconnresearch.com/wp-json/oembed/1.0/embedd8c5]
[reconnresearch.com/the-political-implications-of-the-coronavirus-pandemic-in-the-middle-east-experts-weigh-in/index.html]
[reconnresearch.com/indexe7ac.html]
[reconnresearch.com/wp-content/uploads/2020/05/1-1024x958.jpg]
[reconnresearch.com/wp-json/oembed/1.0/embed27c6.json]
[reconnresearch.com/wp-json/oembed/1.0/embed6fcf]
[reconnresearch.com/the-political-implications-of-the-coronavirus-pandemic-in-the-middle-east-experts-weigh-in-2/index.html]
[reconnresearch.com/wp-content/uploads/2020/05/imgpsh_fullsize_anim-1024x776.png]
[reconnresearch.com/category/media-coverage/index.html]
[reconnresearch.com/wp-json/oembed/1.0/embed09e9.json]
[reconnresearch.com/wp-json/oembed/1.0/embed6ca3]
[reconnresearch.com/coronavirus-and-the-gulf-economies-2/index.html]
[reconnresearch.com/wp-content/uploads/2020/05/1-1024x737.jpg]
[reconnresearch.com/wp-json/oembed/1.0/embed7c76.json]
[reconnresearch.com/wp-json/oembed/1.0/embed2b62]
[reconnresearch.com/intellectual-property-rights-for-kuwaiti-artists-2/index.html]
[reconnresearch.com/wp-content/uploads/2020/05/1-1024x846.png]
[reconnresearch.com/wp-json/oembed/1.0/embed50ec.json]
[reconnresearch.com/wp-json/oembed/1.0/embeda3e8]
[reconnresearch.com/kuwait-2020-and-beyond-challenges-and-opportunities-2/index.html]
[reconnresearch.com/wp-content/uploads/2020/05/1-1-899x1024.jpg]
[reconnresearch.com/wp-json/oembed/1.0/embed9b52.json]
[reconnresearch.com/wp-json/oembed/1.0/embed0252]
[reconnresearch.com/china-and-the-gulf-the-u-s-view/index.html]
[reconnresearch.com/wp-content/uploads/2019/09/1.jpg]
[reconnresearch.com/wp-json/oembed/1.0/embed5133.json]
[reconnresearch.com/wp-json/oembed/1.0/embed80c1]
[reconnresearch.com/wp-content/uploads/2020/02/The-American-Role-in-Kuwaiti-Iraqi-Relations.mp4]
[reconnresearch.com/the-american-role-in-kuwaiti-iraqi-relations-2/index.html]
[reconnresearch.com/xmlrpc0db0.html]
[reconnaissanceresearch.com/wp-content/uploads/2020/01/Kuwait.html]
[reconnresearch.com/index96f1.html]
[reconnresearch.com/category/events/index.html]
[reconnresearch.com/category/events/forum/index.html]
[reconnresearch.com/category/events/workshops/index.html]
[reconnresearch.com/index70ff.html]
[reconnresearch.com/index1bd8.html]
[reconnresearch.com/indexfa80.html]
[reconnresearch.com/index3f5a.html]
[reconnresearch.com/index8cf7.html]
[reconnresearch.com/index6eea.html]
[reconnresearch.com/index2dc8.html]
[reconnresearch.com/index64b4.html]
[reconnresearch.com/index9fb6.html]
[reconnresearch.com/category/events/feed/index.html]
[reconnresearch.com/category/events/workshops/feed/index.html]
[reconnresearch.com/category/publications/feed/index.html]
[reconnresearch.com/wp-content/uploads/2020/06/WhatsApp-Image-2020-06-17-at-7.19.42-PM.jpg]
[reconnresearch.com/category/publications/index.html]
[reconnresearch.com/category/publications/articles/index.html]
[reconnresearch.com/category/publications/articles/feed/index.html]
[reconnresearch.com/index9544.html]
[reconnresearch.com/category/publications/reports/index.html]
[reconnresearch.com/category/publications/reports/feed/index.html]
[reconnresearch.com/index5ece.html]
[reconnresearch.com/index6d80.html]
[reconnresearch.com/category/media-coverage/index.html]
[reconnresearch.com/category/media-coverage/feed/index.html]
[reconnresearch.com/index55d9.html]
[reconnresearch.com/indexa32d.html]
[reconnaissanceresearch.com/wp-content/uploads/2020/02/Intellectual-Property-Rights-for-Kuwaiti-Artists-3.html]
[reconnresearch.com/indexbe7c.html]
[reconnresearch.com/index084d.html]
[reconnresearch.com/indexc9bc.html]
[reconnaissanceresearch.com/wp-content/uploads/2020/02/The-American-Role-in-Kuwaiti-Iraqi-Relations.html]
[reconnresearch.com/contact-us/index.html]
[reconnresearch.com/category/events/forum/feed/index.html]
